// Jest Snapshot v1, https://goo.gl/fbAQLP

exports[`renders without crashing and match snapshoot 1`] = `
<div
  className="Popover"
>
  <h4
    className="PickerHeader"
  >
    Choose your avatar
  </h4>
  <div
    className="AvatarList"
  >
    <button
      className="avatarButton false"
      onClick={[Function]}
    >
      <img
        alt="Avatar 2"
        className="avatar"
        id={null}
        src="images/avatar/avatar2.png"
      />
    </button>
    <button
      className="avatarButton false"
      onClick={[Function]}
    >
      <img
        alt="Avatar 1"
        className="avatar"
        id={null}
        src="images/avatar/avatar1.png"
      />
    </button>
    <button
      className="avatarButton false"
      onClick={[Function]}
    >
      <img
        alt="Avatar 3"
        className="avatar"
        id={null}
        src="images/avatar/avatar3.png"
      />
    </button>
    <button
      className="avatarButton false"
      onClick={[Function]}
    >
      <img
        alt="Avatar 4"
        className="avatar"
        id={null}
        src="images/avatar/avatar4.png"
      />
    </button>
    <button
      className="avatarButton false"
      onClick={[Function]}
    >
      <img
        alt="Avatar 5"
        className="avatar"
        id={null}
        src="images/avatar/avatar5.png"
      />
    </button>
    <button
      className="avatarButton false"
      onClick={[Function]}
    >
      <img
        alt="Avatar 6"
        className="avatar"
        id={null}
        src="images/avatar/avatar6.png"
      />
    </button>
  </div>
</div>
`;
